../Core/Src/main.c:95:5:main	1
../Core/Src/main.c:160:6:SystemClock_Config	3
../Core/Src/main.c:206:13:MX_TIM1_Init	6
../Core/Src/main.c:275:13:MX_TIM2_Init	5
../Core/Src/main.c:328:13:MX_TIM3_Init	3
../Core/Src/main.c:377:13:MX_TIM4_Init	3
../Core/Src/main.c:426:13:MX_TIM11_Init	2
../Core/Src/main.c:457:13:MX_USB_OTG_FS_PCD_Init	2
../Core/Src/main.c:492:13:MX_GPIO_Init	1
../Core/Src/main.c:562:6:HAL_GPIO_EXTI_Callback	5
../Core/Src/main.c:588:6:HAL_TIM_PeriodElapsedCallback	21
../Core/Src/main.c:703:6:Error_Handler	1
